
EnvironmentNameNotFound: Could not find conda environment: 2
You can list all discoverable environments with `conda info --envs`.


WARNING: method definition for convert at /nfs/stak/users/gonzaeve/.julia/packages/RigidBodyDynamics/8B04X/src/spatial/motion_force_interaction.jl:114 declares type variable T but does not use it.
WARNING: method definition for convert at /nfs/stak/users/gonzaeve/.julia/packages/RigidBodyDynamics/8B04X/src/spatial/motion_force_interaction.jl:114 declares type variable T but does not use it.
WARNING: method definition for convert at /nfs/stak/users/gonzaeve/.julia/packages/RigidBodyDynamics/8B04X/src/spatial/motion_force_interaction.jl:114 declares type variable T but does not use it.
WARNING: method definition for convert at /nfs/stak/users/gonzaeve/.julia/packages/RigidBodyDynamics/8B04X/src/spatial/motion_force_interaction.jl:114 declares type variable T but does not use it.
WARNING: method definition for convert at /nfs/stak/users/gonzaeve/.julia/packages/RigidBodyDynamics/8B04X/src/spatial/motion_force_interaction.jl:114 declares type variable T but does not use it.
WARNING: method definition for convert at /nfs/stak/users/gonzaeve/.julia/packages/RigidBodyDynamics/8B04X/src/spatial/motion_force_interaction.jl:114 declares type variable T but does not use it.
WARNING: method definition for convert at /nfs/stak/users/gonzaeve/.julia/packages/RigidBodyDynamics/8B04X/src/spatial/motion_force_interaction.jl:114 declares type variable T but does not use it.
WARNING: method definition for convert at /nfs/stak/users/gonzaeve/.julia/packages/RigidBodyDynamics/8B04X/src/spatial/motion_force_interaction.jl:114 declares type variable T but does not use it.
WARNING: method definition for convert at /nfs/stak/users/gonzaeve/.julia/packages/RigidBodyDynamics/8B04X/src/spatial/motion_force_interaction.jl:114 declares type variable T but does not use it.
WARNING: method definition for convert at /nfs/stak/users/gonzaeve/.julia/packages/RigidBodyDynamics/8B04X/src/spatial/motion_force_interaction.jl:114 declares type variable T but does not use it.
WARNING: method definition for convert at /nfs/stak/users/gonzaeve/.julia/packages/RigidBodyDynamics/8B04X/src/spatial/motion_force_interaction.jl:114 declares type variable T but does not use it.
WARNING: method definition for convert at /nfs/stak/users/gonzaeve/.julia/packages/RigidBodyDynamics/8B04X/src/spatial/motion_force_interaction.jl:114 declares type variable T but does not use it.
WARNING: method definition for convert at /nfs/stak/users/gonzaeve/.julia/packages/RigidBodyDynamics/8B04X/src/spatial/motion_force_interaction.jl:114 declares type variable T but does not use it.
WARNING: method definition for convert at /nfs/stak/users/gonzaeve/.julia/packages/RigidBodyDynamics/8B04X/src/spatial/motion_force_interaction.jl:114 declares type variable T but does not use it.
WARNING: method definition for convert at /nfs/stak/users/gonzaeve/.julia/packages/RigidBodyDynamics/8B04X/src/spatial/motion_force_interaction.jl:114 declares type variable T but does not use it.
WARNING: method definition for convert at /nfs/stak/users/gonzaeve/.julia/packages/RigidBodyDynamics/8B04X/src/spatial/motion_force_interaction.jl:114 declares type variable T but does not use it.
WARNING: method definition for convert at /nfs/stak/users/gonzaeve/.julia/packages/RigidBodyDynamics/8B04X/src/spatial/motion_force_interaction.jl:114 declares type variable T but does not use it.
WARNING: method definition for convert at /nfs/stak/users/gonzaeve/.julia/packages/RigidBodyDynamics/8B04X/src/spatial/motion_force_interaction.jl:114 declares type variable T but does not use it.
WARNING: method definition for convert at /nfs/stak/users/gonzaeve/.julia/packages/RigidBodyDynamics/8B04X/src/spatial/motion_force_interaction.jl:114 declares type variable T but does not use it.
WARNING: method definition for convert at /nfs/stak/users/gonzaeve/.julia/packages/RigidBodyDynamics/8B04X/src/spatial/motion_force_interaction.jl:114 declares type variable T but does not use it.
WARNING: method definition for #loess#2 at /nfs/stak/users/gonzaeve/.julia/packages/Smoothers/uaex0/src/loess.jl:51 declares type variable S but does not use it.
WARNING: method definition for #loess#2 at /nfs/stak/users/gonzaeve/.julia/packages/Smoothers/uaex0/src/loess.jl:51 declares type variable S but does not use it.
WARNING: method definition for #loess#2 at /nfs/stak/users/gonzaeve/.julia/packages/Smoothers/uaex0/src/loess.jl:51 declares type variable S but does not use it.
WARNING: method definition for #loess#2 at /nfs/stak/users/gonzaeve/.julia/packages/Smoothers/uaex0/src/loess.jl:51 declares type variable S but does not use it.
WARNING: method definition for #loess#2 at /nfs/stak/users/gonzaeve/.julia/packages/Smoothers/uaex0/src/loess.jl:51 declares type variable S but does not use it.
WARNING: method definition for #loess#2 at /nfs/stak/users/gonzaeve/.julia/packages/Smoothers/uaex0/src/loess.jl:51 declares type variable S but does not use it.
WARNING: method definition for #loess#2 at /nfs/stak/users/gonzaeve/.julia/packages/Smoothers/uaex0/src/loess.jl:51 declares type variable S but does not use it.
WARNING: method definition for #loess#2 at /nfs/stak/users/gonzaeve/.julia/packages/Smoothers/uaex0/src/loess.jl:51 declares type variable S but does not use it.
WARNING: method definition for #loess#2 at /nfs/stak/users/gonzaeve/.julia/packages/Smoothers/uaex0/src/loess.jl:51 declares type variable S but does not use it.
WARNING: method definition for #loess#2 at /nfs/stak/users/gonzaeve/.julia/packages/Smoothers/uaex0/src/loess.jl:51 declares type variable S but does not use it.
WARNING: method definition for #loess#2 at /nfs/stak/users/gonzaeve/.julia/packages/Smoothers/uaex0/src/loess.jl:51 declares type variable S but does not use it.
WARNING: method definition for #loess#2 at /nfs/stak/users/gonzaeve/.julia/packages/Smoothers/uaex0/src/loess.jl:51 declares type variable S but does not use it.
WARNING: method definition for #loess#2 at /nfs/stak/users/gonzaeve/.julia/packages/Smoothers/uaex0/src/loess.jl:51 declares type variable S but does not use it.
WARNING: method definition for #loess#2 at /nfs/stak/users/gonzaeve/.julia/packages/Smoothers/uaex0/src/loess.jl:51 declares type variable S but does not use it.
WARNING: method definition for #loess#2 at /nfs/stak/users/gonzaeve/.julia/packages/Smoothers/uaex0/src/loess.jl:51 declares type variable S but does not use it.
WARNING: method definition for #loess#2 at /nfs/stak/users/gonzaeve/.julia/packages/Smoothers/uaex0/src/loess.jl:51 declares type variable S but does not use it.
WARNING: method definition for #loess#2 at /nfs/stak/users/gonzaeve/.julia/packages/Smoothers/uaex0/src/loess.jl:51 declares type variable S but does not use it.
WARNING: method definition for #loess#2 at /nfs/stak/users/gonzaeve/.julia/packages/Smoothers/uaex0/src/loess.jl:51 declares type variable S but does not use it.
WARNING: method definition for #loess#2 at /nfs/stak/users/gonzaeve/.julia/packages/Smoothers/uaex0/src/loess.jl:51 declares type variable S but does not use it.
WARNING: method definition for #loess#2 at /nfs/stak/users/gonzaeve/.julia/packages/Smoothers/uaex0/src/loess.jl:51 declares type variable S but does not use it.
WARNING: could not import HDF5.exists into JLD
WARNING: could not import HDF5.exists into JLD
WARNING: could not import HDF5.exists into JLD
WARNING: could not import HDF5.exists into JLD
WARNING: could not import HDF5.exists into JLD
WARNING: could not import HDF5.exists into JLD
WARNING: could not import HDF5.exists into JLD
WARNING: could not import HDF5.exists into JLD
WARNING: could not import HDF5.exists into JLD
WARNING: could not import HDF5.exists into JLD
WARNING: could not import HDF5.exists into JLD
WARNING: could not import HDF5.exists into JLD
WARNING: could not import HDF5.exists into JLD
WARNING: could not import HDF5.exists into JLD
WARNING: could not import HDF5.exists into JLD
WARNING: could not import HDF5.exists into JLD
WARNING: could not import HDF5.exists into JLD
WARNING: could not import HDF5.exists into JLD
WARNING: could not import HDF5.exists into JLD
WARNING: could not import HDF5.exists into JLD
slurmstepd: error: *** JOB 18575926 ON cn-v-3 CANCELLED AT 2025-04-23T19:15:35 ***
